// Jest Snapshot v1, https://goo.gl/fbAQLP

exports[`Test TotalCostComponent 1`] = `
<div
  className="total-cost-container container"
>
  <table
    className="table table-sm table-striped table-hover"
  >
    <thead>
      <tr>
        <th
          style={
            Object {
              "width": "40%",
            }
          }
        >
          Item
        </th>
        <th
          style={
            Object {
              "width": "30%",
            }
          }
        >
          Quantity
        </th>
        <th
          style={
            Object {
              "width": "30%",
            }
          }
        >
          Cost (Credit(s))
        </th>
      </tr>
    </thead>
    <tbody>
      <tr>
        <td>
          Communication Overhead
        </td>
        <td>
          4
        </td>
        <td>
          40
        </td>
      </tr>
      <tr>
        <td>
          Fuel Usage
        </td>
        <td>
          4
        </td>
        <td>
          40
        </td>
      </tr>
      <tr>
        <td>
          Uncleared Squares
        </td>
        <td>
          1
        </td>
        <td>
          10
        </td>
      </tr>
      <tr>
        <td>
          Cleared Preserved Tree(s)
        </td>
        <td>
          0
        </td>
        <td>
          0
        </td>
      </tr>
      <tr>
        <td>
          Paint Damage Cost
        </td>
        <td>
          2
        </td>
        <td>
          20
        </td>
      </tr>
      <tr>
        <td>
          <b>
            Total Cost
          </b>
        </td>
        <td />
        <td>
          <b>
            110
          </b>
        </td>
      </tr>
    </tbody>
  </table>
</div>
`;
